// Jest Snapshot v1, https://goo.gl/fbAQLP

exports[`Routes mutantes réelles du backend (réflexion Nest) liste toutes les routes POST/PUT/PATCH/DELETE — snapshot à vérifier à chaque changement 1`] = `
[
  "DELETE /api/admin/users/:id",
  "DELETE /api/payment-declarations/:id",
  "DELETE /api/profile",
  "DELETE /api/properties/:id",
  "DELETE /api/properties/:id/documents/:documentId",
  "DELETE /api/properties/:id/photos/:photoId",
  "PATCH /api/admin/contact-messages/:id",
  "PATCH /api/admin/reviews/:id/moderate",
  "PATCH /api/admin/settings",
  "PATCH /api/managers/:id/reviews/:reviewId",
  "PATCH /api/notifications/:id/read",
  "PATCH /api/notifications/read-all",
  "PATCH /api/payment-declarations/:id",
  "PATCH /api/profile",
  "PATCH /api/profile/notification-consent",
  "PATCH /api/profile/password",
  "PATCH /api/properties/:id",
  "POST /api/admin/payouts/:id/retry",
  "POST /api/admin/users/:id/reactivate",
  "POST /api/admin/users/:id/suspend",
  "POST /api/auth/invite/tenant",
  "POST /api/auth/login",
  "POST /api/auth/password-reset/confirm",
  "POST /api/auth/password-reset/request",
  "POST /api/auth/refresh",
  "POST /api/auth/signup/manager",
  "POST /api/auth/signup/owner",
  "POST /api/auth/signup/tenant",
  "POST /api/contact",
  "POST /api/leases/:id/terminate",
  "POST /api/managers/:id/reviews",
  "POST /api/mandates",
  "POST /api/mandates/:id/accept",
  "POST /api/mandates/:id/revoke",
  "POST /api/payment-declarations",
  "POST /api/payments/:id/confirm",
  "POST /api/payments/:id/reject",
  "POST /api/payments/initiate",
  "POST /api/payments/manual",
  "POST /api/payments/webhooks/paydunya",
  "POST /api/payouts/webhooks/paydunya",
  "POST /api/properties",
  "POST /api/properties/:id/documents",
  "POST /api/properties/:id/photos",
  "POST /api/properties/:propertyId/tenants/:tenantUserId/block",
  "POST /api/push/subscribe",
  "POST /api/push/unsubscribe",
  "POST /api/subscription/cancel",
  "POST /api/subscription/invoices/pay",
  "POST /api/subscription/upgrade",
]
`;
